-- placeholder non-restricted values pass
select set_config('response.headers', '[{"Cache-Control": "public"}, {"Cache-Control": "max-age=259200"}]', true);
                             set_config                             
--------------------------------------------------------------------
 [{"Cache-Control": "public"}, {"Cache-Control": "max-age=259200"}]
(1 row)

-- placeholder restricted values fail on a set_config
select set_config('response.headers', '[{"Content-Type": "application/vnd.my.malicious.type"}, {"Cache-Control": "public"}]', true);
ERROR:  The placeholder contains the "content-type" disallowed value
select set_config('response.headers', '[{"X-Special-Header": "a-value"}]', true);
ERROR:  The placeholder contains the "x-special-header" disallowed value
\echo

-- placeholder restricted values fail on a SET
set another.placeholder to 'special-value';
ERROR:  The placeholder contains the "special-value" disallowed value
\echo

-- doesn't crash after a show all
\o /dev/null
show all;
\o
select 1;
 ?column? 
----------
        1
(1 row)

